src/components/ColorCurvePanel.tsx(84,28): error TS6133: 'idx' is declared but its value is never read.
src/components/FilterPresetGrid.tsx(20,3): error TS6133: 'selectedItem' is declared but its value is never read.
src/components/ImagePropertyPanel.tsx(2,59): error TS6133: 'GLOBAL_DEFAULTS_INIT' is declared but its value is never read.
src/components/ImagePropertyPanel.tsx(2,81): error TS6133: 'ANIMATION_PRESETS' is declared but its value is never read.
src/components/ImagePropertyPanel.tsx(7,8): error TS2613: Module '"H:/project/CLIP JIANJI/src/components/PropertyAccordionBlock"' has no default export. Did you mean to use 'import { PropertyAccordionBlock } from "H:/project/CLIP JIANJI/src/components/PropertyAccordionBlock"' instead?
src/components/ImagePropertyPanel.tsx(124,12): error TS2304: Cannot find name 'panelOrderImage'.
src/components/ImagePropertyPanel.tsx(124,35): error TS7006: Parameter 'id' implicitly has an 'any' type.
src/components/ImagePropertyPanel.tsx(124,107): error TS7006: Parameter 'blockId' implicitly has an 'any' type.
src/components/ImagePropertyPanel.tsx(127,98): error TS2304: Cannot find name 'panelOrderImage'.
src/components/ImagePropertyPanel.tsx(128,34): error TS2304: Cannot find name 'panelCollapsed'.
src/components/ImagePropertyPanel.tsx(128,74): error TS2304: Cannot find name 'togglePanelCollapsed'.
src/components/ImagePropertyPanel.tsx(129,33): error TS7006: Parameter 'e' implicitly has an 'any' type.
src/components/ImagePropertyPanel.tsx(129,39): error TS2304: Cannot find name 'handleDragStart'.
src/components/ImagePropertyPanel.tsx(129,80): error TS7006: Parameter 'e' implicitly has an 'any' type.
src/components/ImagePropertyPanel.tsx(129,117): error TS7006: Parameter 'e' implicitly has an 'any' type.
src/components/ImagePropertyPanel.tsx(129,166): error TS7006: Parameter 'e' implicitly has an 'any' type.
src/components/ImagePropertyPanel.tsx(129,172): error TS2304: Cannot find name 'handleDrop'.
src/components/ImagePropertyPanel.tsx(130,34): error TS2304: Cannot find name 'resetKeys'.
src/components/ImagePropertyPanel.tsx(175,99): error TS2304: Cannot find name 'panelOrderImage'.
src/components/ImagePropertyPanel.tsx(176,34): error TS2304: Cannot find name 'panelCollapsed'.
src/components/ImagePropertyPanel.tsx(176,75): error TS2304: Cannot find name 'togglePanelCollapsed'.
src/components/ImagePropertyPanel.tsx(177,33): error TS7006: Parameter 'e' implicitly has an 'any' type.
src/components/ImagePropertyPanel.tsx(177,39): error TS2304: Cannot find name 'handleDragStart'.
src/components/ImagePropertyPanel.tsx(177,81): error TS7006: Parameter 'e' implicitly has an 'any' type.
src/components/ImagePropertyPanel.tsx(177,118): error TS7006: Parameter 'e' implicitly has an 'any' type.
src/components/ImagePropertyPanel.tsx(177,167): error TS7006: Parameter 'e' implicitly has an 'any' type.
src/components/ImagePropertyPanel.tsx(177,173): error TS2304: Cannot find name 'handleDrop'.
src/components/ImagePropertyPanel.tsx(178,34): error TS2304: Cannot find name 'resetKeys'.
src/components/ImagePropertyPanel.tsx(195,99): error TS2304: Cannot find name 'panelOrderImage'.
src/components/ImagePropertyPanel.tsx(196,34): error TS2304: Cannot find name 'panelCollapsed'.
src/components/ImagePropertyPanel.tsx(196,75): error TS2304: Cannot find name 'togglePanelCollapsed'.
src/components/ImagePropertyPanel.tsx(197,33): error TS7006: Parameter 'e' implicitly has an 'any' type.
src/components/ImagePropertyPanel.tsx(197,39): error TS2304: Cannot find name 'handleDragStart'.
src/components/ImagePropertyPanel.tsx(197,81): error TS7006: Parameter 'e' implicitly has an 'any' type.
src/components/ImagePropertyPanel.tsx(197,118): error TS7006: Parameter 'e' implicitly has an 'any' type.
src/components/ImagePropertyPanel.tsx(197,167): error TS7006: Parameter 'e' implicitly has an 'any' type.
src/components/ImagePropertyPanel.tsx(197,173): error TS2304: Cannot find name 'handleDrop'.
src/components/ImagePropertyPanel.tsx(198,34): error TS2304: Cannot find name 'resetKeys'.
src/components/ImagePropertyPanel.tsx(219,102): error TS2304: Cannot find name 'panelOrderImage'.
src/components/ImagePropertyPanel.tsx(220,34): error TS2304: Cannot find name 'panelCollapsed'.
src/components/ImagePropertyPanel.tsx(220,77): error TS2304: Cannot find name 'togglePanelCollapsed'.
src/components/ImagePropertyPanel.tsx(221,33): error TS7006: Parameter 'e' implicitly has an 'any' type.
src/components/ImagePropertyPanel.tsx(221,39): error TS2304: Cannot find name 'handleDragStart'.
src/components/ImagePropertyPanel.tsx(221,83): error TS7006: Parameter 'e' implicitly has an 'any' type.
src/components/ImagePropertyPanel.tsx(221,120): error TS7006: Parameter 'e' implicitly has an 'any' type.
src/components/ImagePropertyPanel.tsx(221,169): error TS7006: Parameter 'e' implicitly has an 'any' type.
src/components/ImagePropertyPanel.tsx(221,175): error TS2304: Cannot find name 'handleDrop'.
src/components/ImagePropertyPanel.tsx(222,34): error TS2304: Cannot find name 'resetKeys'.
src/components/ImagePropertyPanel.tsx(243,103): error TS2304: Cannot find name 'panelOrderImage'.
src/components/ImagePropertyPanel.tsx(244,34): error TS2304: Cannot find name 'panelCollapsed'.
src/components/ImagePropertyPanel.tsx(244,76): error TS2304: Cannot find name 'togglePanelCollapsed'.
src/components/ImagePropertyPanel.tsx(245,33): error TS7006: Parameter 'e' implicitly has an 'any' type.
src/components/ImagePropertyPanel.tsx(245,39): error TS2304: Cannot find name 'handleDragStart'.
src/components/ImagePropertyPanel.tsx(245,82): error TS7006: Parameter 'e' implicitly has an 'any' type.
src/components/ImagePropertyPanel.tsx(245,119): error TS7006: Parameter 'e' implicitly has an 'any' type.
src/components/ImagePropertyPanel.tsx(245,168): error TS7006: Parameter 'e' implicitly has an 'any' type.
src/components/ImagePropertyPanel.tsx(245,174): error TS2304: Cannot find name 'handleDrop'.
src/components/ImagePropertyPanel.tsx(246,34): error TS2304: Cannot find name 'resetKeys'.
src/components/ImagePropertyPanel.tsx(325,18): error TS2304: Cannot find name 'panelOrderText'.
src/components/ImagePropertyPanel.tsx(325,40): error TS7006: Parameter 'id' implicitly has an 'any' type.
src/components/ImagePropertyPanel.tsx(325,123): error TS7006: Parameter 'blockId' implicitly has an 'any' type.
src/components/ImagePropertyPanel.tsx(328,116): error TS2304: Cannot find name 'panelOrderText'.
src/components/ImagePropertyPanel.tsx(329,40): error TS2304: Cannot find name 'panelCollapsed'.
src/components/ImagePropertyPanel.tsx(329,85): error TS2304: Cannot find name 'togglePanelCollapsed'.
src/components/ImagePropertyPanel.tsx(330,39): error TS7006: Parameter 'e' implicitly has an 'any' type.
src/components/ImagePropertyPanel.tsx(330,45): error TS2304: Cannot find name 'handleDragStart'.
src/components/ImagePropertyPanel.tsx(330,91): error TS7006: Parameter 'e' implicitly has an 'any' type.
src/components/ImagePropertyPanel.tsx(330,128): error TS7006: Parameter 'e' implicitly has an 'any' type.
src/components/ImagePropertyPanel.tsx(330,177): error TS7006: Parameter 'e' implicitly has an 'any' type.
src/components/ImagePropertyPanel.tsx(330,183): error TS2304: Cannot find name 'handleDrop'.
src/components/ImagePropertyPanel.tsx(344,213): error TS18048: 'selectedItem' is possibly 'undefined'.
src/components/ImagePropertyPanel.tsx(423,115): error TS2304: Cannot find name 'panelOrderText'.
src/components/ImagePropertyPanel.tsx(424,40): error TS2304: Cannot find name 'panelCollapsed'.
src/components/ImagePropertyPanel.tsx(424,85): error TS2304: Cannot find name 'togglePanelCollapsed'.
src/components/ImagePropertyPanel.tsx(425,39): error TS7006: Parameter 'e' implicitly has an 'any' type.
src/components/ImagePropertyPanel.tsx(425,45): error TS2304: Cannot find name 'handleDragStart'.
src/components/ImagePropertyPanel.tsx(425,91): error TS7006: Parameter 'e' implicitly has an 'any' type.
src/components/ImagePropertyPanel.tsx(425,128): error TS7006: Parameter 'e' implicitly has an 'any' type.
src/components/ImagePropertyPanel.tsx(425,177): error TS7006: Parameter 'e' implicitly has an 'any' type.
src/components/ImagePropertyPanel.tsx(425,183): error TS2304: Cannot find name 'handleDrop'.
src/components/ImagePropertyPanel.tsx(530,120): error TS2304: Cannot find name 'panelOrderText'.
src/components/ImagePropertyPanel.tsx(531,40): error TS2304: Cannot find name 'panelCollapsed'.
src/components/ImagePropertyPanel.tsx(531,88): error TS2304: Cannot find name 'togglePanelCollapsed'.
src/components/ImagePropertyPanel.tsx(532,39): error TS7006: Parameter 'e' implicitly has an 'any' type.
src/components/ImagePropertyPanel.tsx(532,45): error TS2304: Cannot find name 'handleDragStart'.
src/components/ImagePropertyPanel.tsx(532,94): error TS7006: Parameter 'e' implicitly has an 'any' type.
src/components/ImagePropertyPanel.tsx(532,131): error TS7006: Parameter 'e' implicitly has an 'any' type.
src/components/ImagePropertyPanel.tsx(532,180): error TS7006: Parameter 'e' implicitly has an 'any' type.
src/components/ImagePropertyPanel.tsx(532,186): error TS2304: Cannot find name 'handleDrop'.
src/components/ImagePropertyPanel.tsx(559,203): error TS2339: Property 'textShadow' does not exist on type 'TimelineItem'.
src/components/ImagePropertyPanel.tsx(560,81): error TS2339: Property 'textShadow' does not exist on type 'TimelineItem'.
src/components/ImagePropertyPanel.tsx(560,157): error TS2339: Property 'textShadow' does not exist on type 'TimelineItem'.
src/components/ImagePropertyPanel.tsx(561,112): error TS2339: Property 'textShadow' does not exist on type 'TimelineItem'.
src/components/ImagePropertyPanel.tsx(562,157): error TS2339: Property 'textShadow' does not exist on type 'TimelineItem'.
src/components/ImagePropertyPanel.tsx(565,44): error TS2339: Property 'textShadow' does not exist on type 'TimelineItem'.
src/components/ImagePropertyPanel.tsx(585,203): error TS2339: Property 'textStroke' does not exist on type 'TimelineItem'.
src/components/ImagePropertyPanel.tsx(586,81): error TS2339: Property 'textStroke' does not exist on type 'TimelineItem'.
src/components/ImagePropertyPanel.tsx(586,157): error TS2339: Property 'textStroke' does not exist on type 'TimelineItem'.
src/components/ImagePropertyPanel.tsx(587,112): error TS2339: Property 'textStroke' does not exist on type 'TimelineItem'.
src/components/ImagePropertyPanel.tsx(588,157): error TS2339: Property 'textStroke' does not exist on type 'TimelineItem'.
src/components/ImagePropertyPanel.tsx(591,44): error TS2339: Property 'textStroke' does not exist on type 'TimelineItem'.
src/components/ImagePropertyPanel.tsx(607,205): error TS2339: Property 'textBgEnable' does not exist on type 'TimelineItem'.
src/components/ImagePropertyPanel.tsx(608,81): error TS2339: Property 'textBgEnable' does not exist on type 'TimelineItem'.
src/components/ImagePropertyPanel.tsx(608,159): error TS2339: Property 'textBgEnable' does not exist on type 'TimelineItem'.
src/components/ImagePropertyPanel.tsx(609,112): error TS2339: Property 'textBgEnable' does not exist on type 'TimelineItem'.
src/components/ImagePropertyPanel.tsx(610,157): error TS2339: Property 'textBgEnable' does not exist on type 'TimelineItem'.
src/components/ImagePropertyPanel.tsx(613,44): error TS2339: Property 'textBgEnable' does not exist on type 'TimelineItem'.
src/components/ImagePropertyPanel.tsx(624,255): error TS2339: Property 'textBgPadX' does not exist on type 'TimelineItem'.
src/components/ImagePropertyPanel.tsx(625,94): error TS2339: Property 'textBgPadX' does not exist on type 'TimelineItem'.
src/components/ImagePropertyPanel.tsx(635,121): error TS2304: Cannot find name 'panelOrderText'.
src/components/ImagePropertyPanel.tsx(636,40): error TS2304: Cannot find name 'panelCollapsed'.
src/components/ImagePropertyPanel.tsx(636,88): error TS2304: Cannot find name 'togglePanelCollapsed'.
src/components/ImagePropertyPanel.tsx(637,39): error TS7006: Parameter 'e' implicitly has an 'any' type.
src/components/ImagePropertyPanel.tsx(637,45): error TS2304: Cannot find name 'handleDragStart'.
src/components/ImagePropertyPanel.tsx(637,94): error TS7006: Parameter 'e' implicitly has an 'any' type.
src/components/ImagePropertyPanel.tsx(637,131): error TS7006: Parameter 'e' implicitly has an 'any' type.
src/components/ImagePropertyPanel.tsx(637,180): error TS7006: Parameter 'e' implicitly has an 'any' type.
src/components/ImagePropertyPanel.tsx(637,186): error TS2304: Cannot find name 'handleDrop'.
src/components/LeftPanel.tsx(13,16): error TS6133: 'setResources' is declared but its value is never read.
src/components/LeftPanel.tsx(13,30): error TS6133: 'getEffectiveSrc' is declared but its value is never read.
src/components/LeftPanel.tsx(13,47): error TS6133: 'globalDefaultsRef' is declared but its value is never read.
src/components/LeftPanel.tsx(13,173): error TS6133: 'handleLibAdd' is declared but its value is never read.
src/components/MonitorPanel.tsx(13,76): error TS6133: 'resourceMap' is declared but its value is never read.
src/components/ProjectToolbar.tsx(21,5): error TS6133: 'statusMsg' is declared but its value is never read.
src/components/ResourceCardItem.tsx(4,1): error TS6133: 'useThumbnail' is declared but its value is never read.
src/components/VideoPropertyPanel.tsx(7,8): error TS2613: Module '"H:/project/CLIP JIANJI/src/components/PropertyAccordionBlock"' has no default export. Did you mean to use 'import { PropertyAccordionBlock } from "H:/project/CLIP JIANJI/src/components/PropertyAccordionBlock"' instead?
src/components/VideoPropertyPanel.tsx(350,18): error TS2304: Cannot find name 'panelOrderText'.
src/components/VideoPropertyPanel.tsx(350,40): error TS7006: Parameter 'id' implicitly has an 'any' type.
src/components/VideoPropertyPanel.tsx(350,123): error TS7006: Parameter 'blockId' implicitly has an 'any' type.
src/components/VideoPropertyPanel.tsx(353,116): error TS2304: Cannot find name 'panelOrderText'.
src/components/VideoPropertyPanel.tsx(354,40): error TS2304: Cannot find name 'panelCollapsed'.
src/components/VideoPropertyPanel.tsx(354,85): error TS2304: Cannot find name 'togglePanelCollapsed'.
src/components/VideoPropertyPanel.tsx(355,39): error TS7006: Parameter 'e' implicitly has an 'any' type.
src/components/VideoPropertyPanel.tsx(355,45): error TS2304: Cannot find name 'handleDragStart'.
src/components/VideoPropertyPanel.tsx(355,91): error TS7006: Parameter 'e' implicitly has an 'any' type.
src/components/VideoPropertyPanel.tsx(355,128): error TS7006: Parameter 'e' implicitly has an 'any' type.
src/components/VideoPropertyPanel.tsx(355,177): error TS7006: Parameter 'e' implicitly has an 'any' type.
src/components/VideoPropertyPanel.tsx(355,183): error TS2304: Cannot find name 'handleDrop'.
src/components/VideoPropertyPanel.tsx(369,213): error TS18048: 'selectedItem' is possibly 'undefined'.
src/components/VideoPropertyPanel.tsx(448,115): error TS2304: Cannot find name 'panelOrderText'.
src/components/VideoPropertyPanel.tsx(449,40): error TS2304: Cannot find name 'panelCollapsed'.
src/components/VideoPropertyPanel.tsx(449,85): error TS2304: Cannot find name 'togglePanelCollapsed'.
src/components/VideoPropertyPanel.tsx(450,39): error TS7006: Parameter 'e' implicitly has an 'any' type.
src/components/VideoPropertyPanel.tsx(450,45): error TS2304: Cannot find name 'handleDragStart'.
src/components/VideoPropertyPanel.tsx(450,91): error TS7006: Parameter 'e' implicitly has an 'any' type.
src/components/VideoPropertyPanel.tsx(450,128): error TS7006: Parameter 'e' implicitly has an 'any' type.
src/components/VideoPropertyPanel.tsx(450,177): error TS7006: Parameter 'e' implicitly has an 'any' type.
src/components/VideoPropertyPanel.tsx(450,183): error TS2304: Cannot find name 'handleDrop'.
src/components/VideoPropertyPanel.tsx(458,48): error TS2304: Cannot find name 'setTextAnimTab'.
src/components/VideoPropertyPanel.tsx(460,100): error TS2304: Cannot find name 'textAnimTab'.
src/components/VideoPropertyPanel.tsx(461,42): error TS2304: Cannot find name 'textAnimTab'.
src/components/VideoPropertyPanel.tsx(462,47): error TS2304: Cannot find name 'textAnimTab'.
src/components/VideoPropertyPanel.tsx(464,46): error TS2304: Cannot find name 'textAnimTab'.
src/components/VideoPropertyPanel.tsx(473,30): error TS2304: Cannot find name 'textAnimTab'.
src/components/VideoPropertyPanel.tsx(493,30): error TS2304: Cannot find name 'textAnimTab'.
src/components/VideoPropertyPanel.tsx(512,30): error TS2304: Cannot find name 'textAnimTab'.
src/components/VideoPropertyPanel.tsx(532,29): error TS2304: Cannot find name 'textAnimTab'.
src/components/VideoPropertyPanel.tsx(538,29): error TS2304: Cannot find name 'textAnimTab'.
src/components/VideoPropertyPanel.tsx(544,29): error TS2304: Cannot find name 'textAnimTab'.
src/components/VideoPropertyPanel.tsx(555,120): error TS2304: Cannot find name 'panelOrderText'.
src/components/VideoPropertyPanel.tsx(556,40): error TS2304: Cannot find name 'panelCollapsed'.
src/components/VideoPropertyPanel.tsx(556,88): error TS2304: Cannot find name 'togglePanelCollapsed'.
src/components/VideoPropertyPanel.tsx(557,39): error TS7006: Parameter 'e' implicitly has an 'any' type.
src/components/VideoPropertyPanel.tsx(557,45): error TS2304: Cannot find name 'handleDragStart'.
src/components/VideoPropertyPanel.tsx(557,94): error TS7006: Parameter 'e' implicitly has an 'any' type.
src/components/VideoPropertyPanel.tsx(557,131): error TS7006: Parameter 'e' implicitly has an 'any' type.
src/components/VideoPropertyPanel.tsx(557,180): error TS7006: Parameter 'e' implicitly has an 'any' type.
src/components/VideoPropertyPanel.tsx(557,186): error TS2304: Cannot find name 'handleDrop'.
src/components/VideoPropertyPanel.tsx(584,203): error TS2339: Property 'textShadow' does not exist on type 'TimelineItem'.
src/components/VideoPropertyPanel.tsx(585,81): error TS2339: Property 'textShadow' does not exist on type 'TimelineItem'.
src/components/VideoPropertyPanel.tsx(585,157): error TS2339: Property 'textShadow' does not exist on type 'TimelineItem'.
src/components/VideoPropertyPanel.tsx(586,112): error TS2339: Property 'textShadow' does not exist on type 'TimelineItem'.
src/components/VideoPropertyPanel.tsx(587,157): error TS2339: Property 'textShadow' does not exist on type 'TimelineItem'.
src/components/VideoPropertyPanel.tsx(590,44): error TS2339: Property 'textShadow' does not exist on type 'TimelineItem'.
src/components/VideoPropertyPanel.tsx(610,203): error TS2339: Property 'textStroke' does not exist on type 'TimelineItem'.
src/components/VideoPropertyPanel.tsx(611,81): error TS2339: Property 'textStroke' does not exist on type 'TimelineItem'.
src/components/VideoPropertyPanel.tsx(611,157): error TS2339: Property 'textStroke' does not exist on type 'TimelineItem'.
src/components/VideoPropertyPanel.tsx(612,112): error TS2339: Property 'textStroke' does not exist on type 'TimelineItem'.
src/components/VideoPropertyPanel.tsx(613,157): error TS2339: Property 'textStroke' does not exist on type 'TimelineItem'.
src/components/VideoPropertyPanel.tsx(616,44): error TS2339: Property 'textStroke' does not exist on type 'TimelineItem'.
src/components/VideoPropertyPanel.tsx(632,205): error TS2339: Property 'textBgEnable' does not exist on type 'TimelineItem'.
src/components/VideoPropertyPanel.tsx(633,81): error TS2339: Property 'textBgEnable' does not exist on type 'TimelineItem'.
src/components/VideoPropertyPanel.tsx(633,159): error TS2339: Property 'textBgEnable' does not exist on type 'TimelineItem'.
src/components/VideoPropertyPanel.tsx(634,112): error TS2339: Property 'textBgEnable' does not exist on type 'TimelineItem'.
src/components/VideoPropertyPanel.tsx(635,157): error TS2339: Property 'textBgEnable' does not exist on type 'TimelineItem'.
src/components/VideoPropertyPanel.tsx(638,44): error TS2339: Property 'textBgEnable' does not exist on type 'TimelineItem'.
src/components/VideoPropertyPanel.tsx(649,255): error TS2339: Property 'textBgPadX' does not exist on type 'TimelineItem'.
src/components/VideoPropertyPanel.tsx(650,94): error TS2339: Property 'textBgPadX' does not exist on type 'TimelineItem'.
src/components/VideoPropertyPanel.tsx(660,121): error TS2304: Cannot find name 'panelOrderText'.
src/components/VideoPropertyPanel.tsx(661,40): error TS2304: Cannot find name 'panelCollapsed'.
src/components/VideoPropertyPanel.tsx(661,88): error TS2304: Cannot find name 'togglePanelCollapsed'.
src/components/VideoPropertyPanel.tsx(662,39): error TS7006: Parameter 'e' implicitly has an 'any' type.
src/components/VideoPropertyPanel.tsx(662,45): error TS2304: Cannot find name 'handleDragStart'.
src/components/VideoPropertyPanel.tsx(662,94): error TS7006: Parameter 'e' implicitly has an 'any' type.
src/components/VideoPropertyPanel.tsx(662,131): error TS7006: Parameter 'e' implicitly has an 'any' type.
src/components/VideoPropertyPanel.tsx(662,180): error TS7006: Parameter 'e' implicitly has an 'any' type.
src/components/VideoPropertyPanel.tsx(662,186): error TS2304: Cannot find name 'handleDrop'.
