src/components/LeftPanel.tsx(5,1): error TS6192: All imports in import declaration are unused.
src/components/MonitorPanel.tsx(5,1): error TS6192: All imports in import declaration are unused.
src/components/ProjectToolbar.tsx(5,1): error TS6192: All imports in import declaration are unused.
src/components/RightPanel.tsx(2,1): error TS6133: 'React' is declared but its value is never read.
src/components/RightPanel.tsx(9,1): error TS6192: All imports in import declaration are unused.
src/components/RightPanel.tsx(76,19): error TS2322: Type '(key: keyof TimelineItem, val: any) => void' is not assignable to type '(key: string, val: any) => void'.
  Types of parameters 'key' and 'key' are incompatible.
    Type 'string' is not assignable to type 'keyof TimelineItem'.
src/components/RightPanel.tsx(79,19): error TS2322: Type '(itemId: string, key: keyof GlobalDefaults) => void' is not assignable to type '(itemId: string, key: string) => void'.
  Types of parameters 'key' and 'key' are incompatible.
    Type 'string' is not assignable to type 'keyof GlobalDefaults'.
src/components/RightPanel.tsx(83,19): error TS2322: Type '(key: keyof TimelineItem, val: any) => void' is not assignable to type '(key: string, val: any) => void'.
  Types of parameters 'key' and 'key' are incompatible.
    Type 'string' is not assignable to type 'keyof TimelineItem'.
src/components/TimelinePanel.tsx(3,1): error TS6192: All imports in import declaration are unused.
